[themeforest.kreativdev.com/treats/demo/index.html]
[backblue.gif]
[fade.gif]
[index.html]
[themeforest.kreativdev.com/treats/demo/assets/images/logo/fav.png]
[themeforest.kreativdev.com/treats/demo/assets/images/loader-1.gif]
[themeforest.kreativdev.com/treats/demo/assets/images/placeholder.png]
[themeforest.kreativdev.com/treats/demo/index-2.html]
[themeforest.kreativdev.com/treats/demo/index-3.html]
[themeforest.kreativdev.com/treats/demo/index-4.html]
[themeforest.kreativdev.com/treats/demo/index-5.html]
[themeforest.kreativdev.com/treats/demo/about.html]
[themeforest.kreativdev.com/treats/demo/menu.html]
[themeforest.kreativdev.com/treats/demo/shop.html]
[themeforest.kreativdev.com/treats/demo/shop-details.html]
[themeforest.kreativdev.com/treats/demo/cart.html]
[themeforest.kreativdev.com/treats/demo/wishlist.html]
[themeforest.kreativdev.com/treats/demo/checkout.html]
[themeforest.kreativdev.com/treats/demo/reservation.html]
[themeforest.kreativdev.com/treats/demo/faq.html]
[themeforest.kreativdev.com/treats/demo/login.html]
[themeforest.kreativdev.com/treats/demo/signup.html]
[themeforest.kreativdev.com/treats/demo/404.html]
[themeforest.kreativdev.com/treats/demo/coming-soon.html]
[themeforest.kreativdev.com/treats/demo/terms-conditions.html]
[themeforest.kreativdev.com/treats/demo/blogs.html]
[themeforest.kreativdev.com/treats/demo/blog-details.html]
[themeforest.kreativdev.com/treats/demo/contact.html]
[themeforest.kreativdev.com/treats/demo/assets/images/banner/hero-banner-bg-1.png]
[themeforest.kreativdev.com/treats/demo/assets/images/category-bg-1.png]
[themeforest.kreativdev.com/treats/demo/assets/images/product-bg-1.jpg]
[themeforest.kreativdev.com/treats/demo/assets/images/footer-bg-1.jpg]
[themeforest.kreativdev.com/treats/demo/assets/js/vendors/jquery.min.js]
[themeforest.kreativdev.com/treats/demo/assets/js/vendors/bootstrap.min.js]
[themeforest.kreativdev.com/treats/demo/assets/js/vendors/jquery.counterup.min.js]
[themeforest.kreativdev.com/treats/demo/assets/js/vendors/jquery.magnific-popup.min.js]
[themeforest.kreativdev.com/treats/demo/assets/js/vendors/jquery.nice-select.min.js]
[themeforest.kreativdev.com/treats/demo/assets/js/vendors/swiper-bundle.min.js]
[themeforest.kreativdev.com/treats/demo/assets/js/vendors/lazysizes.min.js]
[themeforest.kreativdev.com/treats/demo/assets/js/vendors/mouse-hover-move.js]
[themeforest.kreativdev.com/treats/demo/assets/js/vendors/tweenMax.min.js]
[themeforest.kreativdev.com/treats/demo/assets/js/vendors/aos.min.js]
[themeforest.kreativdev.com/treats/demo/assets/js/script.js]
[themeforest.kreativdev.com/treats/demo/index.html]
[themeforest.kreativdev.com/treats/demo/assets/css/vendors/bootstrap.min.css]
[themeforest.kreativdev.com/treats/demo/assets/fonts/fontawesome/webfonts/fa-brands-400.eot]
[themeforest.kreativdev.com/treats/demo/assets/fonts/fontawesome/webfonts/fa-brands-400d41d.eot]
[themeforest.kreativdev.com/treats/demo/assets/fonts/fontawesome/webfonts/fa-brands-400.woff2]
[themeforest.kreativdev.com/treats/demo/assets/fonts/fontawesome/webfonts/fa-brands-400.woff]
[themeforest.kreativdev.com/treats/demo/assets/fonts/fontawesome/webfonts/fa-brands-400.ttf]
[themeforest.kreativdev.com/treats/demo/assets/fonts/fontawesome/webfonts/fa-light-300.eot]
[themeforest.kreativdev.com/treats/demo/assets/fonts/fontawesome/webfonts/fa-light-300d41d.eot]
[themeforest.kreativdev.com/treats/demo/assets/fonts/fontawesome/webfonts/fa-light-300.woff2]
[themeforest.kreativdev.com/treats/demo/assets/fonts/fontawesome/webfonts/fa-light-300.woff]
[themeforest.kreativdev.com/treats/demo/assets/fonts/fontawesome/webfonts/fa-light-300.ttf]
[themeforest.kreativdev.com/treats/demo/assets/fonts/fontawesome/webfonts/fa-regular-400.eot]
[themeforest.kreativdev.com/treats/demo/assets/fonts/fontawesome/webfonts/fa-regular-400d41d.eot]
[themeforest.kreativdev.com/treats/demo/assets/fonts/fontawesome/webfonts/fa-regular-400.woff2]
[themeforest.kreativdev.com/treats/demo/assets/fonts/fontawesome/webfonts/fa-regular-400.woff]
[themeforest.kreativdev.com/treats/demo/assets/fonts/fontawesome/webfonts/fa-regular-400.ttf]
[themeforest.kreativdev.com/treats/demo/assets/fonts/fontawesome/webfonts/fa-solid-900.eot]
[themeforest.kreativdev.com/treats/demo/assets/fonts/fontawesome/webfonts/fa-solid-900d41d.eot]
[themeforest.kreativdev.com/treats/demo/assets/fonts/fontawesome/webfonts/fa-solid-900.woff2]
[themeforest.kreativdev.com/treats/demo/assets/fonts/fontawesome/webfonts/fa-solid-900.woff]
[themeforest.kreativdev.com/treats/demo/assets/fonts/fontawesome/webfonts/fa-solid-900.ttf]
[themeforest.kreativdev.com/treats/demo/assets/fonts/fontawesome/css/all.min.css]
[themeforest.kreativdev.com/treats/demo/assets/fonts/icomoon/fonts/icomoon5f61.ttf]
[themeforest.kreativdev.com/treats/demo/assets/fonts/icomoon/fonts/icomoon5f61.woff]
[themeforest.kreativdev.com/treats/demo/assets/fonts/icomoon/style.css]
[themeforest.kreativdev.com/treats/demo/assets/css/vendors/magnific-popup.min.css]
[themeforest.kreativdev.com/treats/demo/assets/css/vendors/nice-select.css]
[themeforest.kreativdev.com/treats/demo/assets/css/vendors/swiper-bundle.min.css]
[themeforest.kreativdev.com/treats/demo/assets/css/vendors/aos.min.css]
[themeforest.kreativdev.com/treats/demo/assets/css/vendors/animate.min.css]
[themeforest.kreativdev.com/treats/demo/assets/images/rate-star.png]
[themeforest.kreativdev.com/treats/demo/assets/images/rate-star-md.png]
[themeforest.kreativdev.com/treats/demo/assets/images/rate-star-lg.png]
[themeforest.kreativdev.com/treats/demo/assets/css/style.css]
[themeforest.kreativdev.com/treats/demo/assets/css/responsive.css]
[themeforest.kreativdev.com/treats/demo/assets/images/loader-2.gif]
[themeforest.kreativdev.com/treats/demo/assets/images/banner/hero-banner-bg-2.png]
[themeforest.kreativdev.com/treats/demo/assets/images/about-bg-1.png]
[themeforest.kreativdev.com/treats/demo/assets/images/product-bg-2.jpg]
[themeforest.kreativdev.com/treats/demo/assets/images/testimonial-bg-1.png]
[themeforest.kreativdev.com/treats/demo/assets/images/footer-bg-2.jpg]
[themeforest.kreativdev.com/treats/demo/index-2.html]
[themeforest.kreativdev.com/treats/demo/assets/images/loader-3.gif]
[themeforest.kreativdev.com/treats/demo/assets/images/banner/hero-banner-bg-3.jpg]
[themeforest.kreativdev.com/treats/demo/assets/images/testimonial-bg-2.png]
[themeforest.kreativdev.com/treats/demo/index-3.html]
[themeforest.kreativdev.com/treats/demo/assets/images/logo/logo-2.png]
[themeforest.kreativdev.com/treats/demo/assets/images/banner/hero-banner-bg-4.jpg]
[themeforest.kreativdev.com/treats/demo/assets/images/blog-bg-1.png]
[themeforest.kreativdev.com/treats/demo/assets/images/footer-bg-4.jpg]
[themeforest.kreativdev.com/treats/demo/index-4.html]
[themeforest.kreativdev.com/treats/demo/assets/images/loader-5.gif]
[themeforest.kreativdev.com/treats/demo/assets/images/banner/hero-banner-bg-5.jpg]
[themeforest.kreativdev.com/treats/demo/assets/images/category-bg-2.png]
[themeforest.kreativdev.com/treats/demo/assets/images/footer-bg-5.jpg]
[themeforest.kreativdev.com/treats/demo/index-5.html]
[themeforest.kreativdev.com/treats/demo/assets/images/breadcrumb-bg.jpg]
[themeforest.kreativdev.com/treats/demo/about.html]
[themeforest.kreativdev.com/treats/demo/menu.html]
[themeforest.kreativdev.com/treats/demo/shop.html]
[themeforest.kreativdev.com/treats/demo/assets/images/shop/shop-1.jpg]
[themeforest.kreativdev.com/treats/demo/assets/images/shop/shop-2.jpg]
[themeforest.kreativdev.com/treats/demo/assets/images/shop/shop-3.jpg]
[themeforest.kreativdev.com/treats/demo/assets/images/shop/shop-4.jpg]
[themeforest.kreativdev.com/treats/demo/shop-details.html]
[themeforest.kreativdev.com/treats/demo/cart.html]
[themeforest.kreativdev.com/treats/demo/wishlist.html]
[themeforest.kreativdev.com/treats/demo/checkout.html]
[themeforest.kreativdev.com/treats/demo/reservation.html]
[themeforest.kreativdev.com/treats/demo/faq.html]
[themeforest.kreativdev.com/treats/demo/login.html]
[themeforest.kreativdev.com/treats/demo/signup.html]
[themeforest.kreativdev.com/treats/demo/404.html]
[themeforest.kreativdev.com/treats/demo/coming-soon.html]
[themeforest.kreativdev.com/treats/demo/terms-conditions.html]
[themeforest.kreativdev.com/treats/demo/blogs.html]
[themeforest.kreativdev.com/treats/demo/blog-details.html]
[themeforest.kreativdev.com/treats/demo/contact.html]
[themeforest.kreativdev.com/treats/demo/assets/fonts/fontawesome/webfonts/fa-brands-400.html]
[themeforest.kreativdev.com/treats/demo/assets/fonts/fontawesome/webfonts/fa-light-300.html]
[themeforest.kreativdev.com/treats/demo/assets/fonts/fontawesome/webfonts/fa-regular-400.html]
[themeforest.kreativdev.com/treats/demo/assets/fonts/fontawesome/webfonts/fa-solid-900.html]
[themeforest.kreativdev.com/treats/demo/assets/fonts/icomoon/fonts/icomoon5f61.svg]
[themeforest.kreativdev.com/treats/demo/assets/images/circle-shape-2.svg]
[themeforest.kreativdev.com/treats/demo/assets/images/circle-shape.svg]
[themeforest.kreativdev.com/treats/demo/assets/images/rectangle-shape.svg]
[themeforest.kreativdev.com/treats/demo/assets/images/brush.svg]
[themeforest.kreativdev.com/treats/demo/assets/images/loader-4.gif]
[themeforest.kreativdev.com/treats/demo/assets/images/footer-bg-3.jpg]
